Wrong type for property x: expected <type 'int'>, got <type 'float'>
Wrong type for property x: expected <type 'int'>, got <type 'str'>
