0.52
-0.52
Native Ada exception: 
py_bind-types.adb:192 range check failed
Traceback: 
0.52
