1
1
2
3
3
5
4
7
5
9
6
11
7
13
8
15
9
17
10
19
11
21
12
23
13
25
14
27
15
29
16
31
17
33
18
35
19
37
