SQUARE
CIRCLE
Wrong value for enum: "lol".
  Possible values: "SQUARE", "CIRCLE", "RECTANGLE"
CIRCLE
